################################################################################
#                                                                              #
#      IAR Universal Linker V6.3.4.78                                          #
#                                                                              #
#           Link time     =  16/Mar/2016  15:40:08                             #
#           Target CPU    =  MSP430                                            #
#           List file     =  C:\Users\Administrator\Desktop\nRF24L01\Debug\Lis #
#                            t\nRF24L01.map                                    #
#           Output file 1 =  C:\Users\Administrator\Desktop\nRF24L01\Debug\Exe #
#                            \nRF24L01.d43                                     #
#                            Format: ubrof10                                   #
#                            UBROF version 10.0.6                              #
#                            Using library modules for C-SPY (-rt)             #
#           Command line  =  C:\Users\Administrator\Desktop\nRF24L01\Debug\Obj #
#                            \main.r43                                         #
#                            C:\Users\Administrator\Desktop\nRF24L01\Debug\Obj #
#                            \msp430_spi.r43                                   #
#                            C:\Users\Administrator\Desktop\nRF24L01\Debug\Obj #
#                            \msprf24.r43                                      #
#                            -o                                                #
#                            C:\Users\Administrator\Desktop\nRF24L01\Debug\Exe #
#                            \nRF24L01.d43                                     #
#                            -l                                                #
#                            C:\Users\Administrator\Desktop\nRF24L01\Debug\Lis #
#                            t\nRF24L01.map                                    #
#                            -xms                                              #
#                            "-IC:\Program Files (x86)\IAR Systems\Embedded Wo #
#                            rkbench 7.3\430\LIB\"                             #
#                            -f                                                #
#                            "C:\Program Files (x86)\IAR Systems\Embedded Work #
#                            bench 7.3\430\config\linker\lnk430g2553.xcl"      #
#                            (-cmsp430 -QCODE_I=CODE_ID -QTLS16_I=TLS16_ID     #
#                            -Z(CONST)INFO=1000-10FF                           #
#                            -Z(CONST)INFOA=10C0-10FF                          #
#                            -Z(CONST)INFOB=1080-10BF                          #
#                            -Z(CONST)INFOC=1040-107F                          #
#                            -Z(CONST)INFOD=1000-103F                          #
#                            -Z(DATA)DATA16_I,DATA16_Z,DATA16_N,TLS16_I=0200-0 #
#                            3FF                                               #
#                            -Z(DATA)DATA16_HEAP+_DATA16_HEAP_SIZE             #
#                            -Z(DATA)CODE_I -Z(DATA)CSTACK+_STACK_SIZE#        #
#                            -Z(CONST)DATA16_C,DATA16_ID,TLS16_ID,DIFUNCT,CHEC #
#                            KSUM=C000-FFDD                                    #
#                            -Z(CODE)CSTART,ISR_CODE,CODE_ID=C000-FFDD         #
#                            -P(CODE)CODE=C000-FFDD                            #
#                            -Z(CONST)SIGNATURE=FFDE-FFDF                      #
#                            -Z(CODE)INTVEC=FFE0-FFFF                          #
#                            -Z(CODE)RESET=FFFE-FFFF) -D_STACK_SIZE=50 -rt     #
#                            "C:\Program Files (x86)\IAR Systems\Embedded Work #
#                            bench 7.3\430\lib\dlib\dl430fn.r43"               #
#                            -e_PrintfLarge=_Printf -e_ScanfLarge=_Scanf       #
#                            -D_DATA16_HEAP_SIZE=50 -s __program_start         #
#                            -D_DATA20_HEAP_SIZE=50                            #
#                                                                              #
#                           Copyright (C) 1987-2015 IAR Systems AB.            #
################################################################################





                ****************************************
                *                                      *
                *           CROSS REFERENCE            *
                *                                      *
                ****************************************

       Program entry at :           C006  Relocatable, from module : ?cstart




                ****************************************
                *                                      *
                *            RUNTIME MODEL             *
                *                                      *
                ****************************************

  __Heap_Handler             = Basic
  __SystemLibrary            = DLib
  __core                     = 430
  __dlib_file_descriptor     = 0
  __dlib_full_locale_support = 0
  __double_size              = 32
  __pic                      = no
  __reg_r4                   = free
  __reg_r5                   = free
  __rt_version               = 3

                ****************************************
                *                                      *
                *    AUTOMATIC SYMBOL REDIRECTIONS     *
                *                                      *
                ****************************************

                  There are no automatic symbol redirections.



                ****************************************
                *                                      *
                *              MODULE MAP              *
                *                                      *
                ****************************************


  DEFINED ABSOLUTE ENTRIES
    *************************************************************************

  DEFINED ABSOLUTE ENTRIES
  PROGRAM MODULE, NAME : ?ABS_ENTRY_MOD

Absolute parts
           ENTRY                   ADDRESS         REF BY
           =====                   =======         ======
           _DATA20_HEAP_SIZE       0050 
           _DATA16_HEAP_SIZE       0050 
           _STACK_SIZE             0050 
    *************************************************************************

  FILE NAME : C:\Users\Administrator\Desktop\nRF24L01\Debug\Obj\main.r43
  PROGRAM MODULE, NAME : main

  SEGMENTS IN THE MODULE
  ======================
DATA16_AN
  Relative segment, address: 0000 - 0000 (0x1 bytes), align: 0
  Segment part 1. ROOT        Intra module refs:   WDT_ISR
                                                   wdt_sleep
           ENTRY                   ADDRESS         REF BY
           =====                   =======         ======
           IE1                     0000 
    -------------------------------------------------------------------------
DATA16_AN
  Relative segment, address: 0002 - 0002 (0x1 bytes), align: 0
  Segment part 2. ROOT        Intra module refs:   WDT_ISR
                                                   wdt_sleep
           ENTRY                   ADDRESS         REF BY
           =====                   =======         ======
           IFG1                    0002 
    -------------------------------------------------------------------------
DATA16_AN
  Relative segment, address: 0056 - 0056 (0x1 bytes), align: 0
  Segment part 3. ROOT        Intra module refs:   main
           ENTRY                   ADDRESS         REF BY
           =====                   =======         ======
           DCOCTL                  0056 
    -------------------------------------------------------------------------
DATA16_AN
  Relative segment, address: 0057 - 0057 (0x1 bytes), align: 0
  Segment part 4. ROOT        Intra module refs:   main
           ENTRY                   ADDRESS         REF BY
           =====                   =======         ======
           BCSCTL1                 0057 
    -------------------------------------------------------------------------
DATA16_AN
  Relative segment, address: 0058 - 0058 (0x1 bytes), align: 0
  Segment part 5. ROOT        Intra module refs:   main
           ENTRY                   ADDRESS         REF BY
           =====                   =======         ======
           BCSCTL2                 0058 
    -------------------------------------------------------------------------
DATA16_AN
  Relative segment, address: 0053 - 0053 (0x1 bytes), align: 0
  Segment part 6. ROOT        Intra module refs:   main
           ENTRY                   ADDRESS         REF BY
           =====                   =======         ======
           BCSCTL3                 0053 
    -------------------------------------------------------------------------
DATA16_AN
  Relative segment, address: 0120 - 0121 (0x2 bytes), align: 0
  Segment part 7. ROOT        Intra module refs:   main
                                                   wdt_sleep
           ENTRY                   ADDRESS         REF BY
           =====                   =======         ======
           WDTCTL                  0120 
    -------------------------------------------------------------------------
DATA16_AN
  Relative segment, address: 10F8 - 10F8 (0x1 bytes), align: 0
  Segment part 8. ROOT        Intra module refs:   main
           ENTRY                   ADDRESS         REF BY
           =====                   =======         ======
           CALDCO_16MHZ            10F8 
    -------------------------------------------------------------------------
DATA16_AN
  Relative segment, address: 10F9 - 10F9 (0x1 bytes), align: 0
  Segment part 9. ROOT        Intra module refs:   main
           ENTRY                   ADDRESS         REF BY
           =====                   =======         ======
           CALBC1_16MHZ            10F9 
    -------------------------------------------------------------------------
DATA16_Z
  Relative segment, address: 0200 - 0201 (0x2 bytes), align: 1
  Segment part 13.            Intra module refs:   main
           ENTRY                   ADDRESS         REF BY
           =====                   =======         ======
           user                    0200 
    -------------------------------------------------------------------------
DATA16_Z
  Relative segment, address: 0202 - 0203 (0x2 bytes), align: 1
  Segment part 14.            Intra module refs:   WDT_ISR
                                                   main
                                                   wdt_sleep
           ENTRY                   ADDRESS         REF BY
           =====                   =======         ======
           wdtsleep                0202 
    -------------------------------------------------------------------------
DATA16_Z
  Relative segment, address: 0204 - 0208 (0x5 bytes), align: 0
  Segment part 15.            Intra module refs:   main
           ENTRY                   ADDRESS         REF BY
           =====                   =======         ======
           addr                    0204 
    -------------------------------------------------------------------------
DATA16_Z
  Relative segment, address: 0209 - 0228 (0x20 bytes), align: 0
  Segment part 16.            Intra module refs:   main
           ENTRY                   ADDRESS         REF BY
           =====                   =======         ======
           buf                     0209 
    -------------------------------------------------------------------------
<CODE> 1 (was CODE)
  Relative segment, address: C650 - C66D (0x1e bytes), align: 1
  Segment part 17.            Intra module refs:   main
           ENTRY                   ADDRESS         REF BY
           =====                   =======         ======
           wdt_sleep               C650 
    -------------------------------------------------------------------------
<CODE> 1 (was CODE)
  Relative segment, address: C6A6 - C6C1 (0x1c bytes), align: 1
  Segment part 18.            Intra module refs:   WDT_ISR::??INTVEC 20
           ENTRY                   ADDRESS         REF BY
           =====                   =======         ======
           WDT_ISR                 C6A6 
               interrupt function
    -------------------------------------------------------------------------
<CODE> 1 (was CODE)
  Relative segment, address: C01E - C11D (0x100 bytes), align: 1
  Segment part 19.
           ENTRY                   ADDRESS         REF BY
           =====                   =======         ======
           main                    C01E            Segment part 18 (?cstart)
               calls direct
    -------------------------------------------------------------------------
INTVEC
  Common segment, address: FFE0 - FFF5 (0x16 bytes), align: 1
  Segment part 10. ROOT 
           ENTRY                   ADDRESS         REF BY
           =====                   =======         ======
           WDT_ISR::??INTVEC 20    FFF4 
    -------------------------------------------------------------------------
DATA16_C
  Relative segment, address: C000 - C005 (0x6 bytes), align: 0
  Segment part 12.            Intra module refs:   main

    *************************************************************************

  FILE NAME : C:\Users\Administrator\Desktop\nRF24L01\Debug\Obj\msp430_spi.r43
  PROGRAM MODULE, NAME : msp430_spi

  SEGMENTS IN THE MODULE
  ======================
DATA16_AN
  Relative segment, address: 0003 - 0003 (0x1 bytes), align: 0
  Segment part 1. ROOT        Intra module refs:   spi_transfer
                                                   spi_transfer16
           ENTRY                   ADDRESS         REF BY
           =====                   =======         ======
           IFG2                    0003 
    -------------------------------------------------------------------------
DATA16_AN
  Relative segment, address: 0020 - 0020 (0x1 bytes), align: 0
  Segment part 2. ROOT 
           ENTRY                   ADDRESS         REF BY
           =====                   =======         ======
           P1IN                    0020 
    -------------------------------------------------------------------------
DATA16_AN
  Relative segment, address: 0021 - 0021 (0x1 bytes), align: 0
  Segment part 3. ROOT 
           ENTRY                   ADDRESS         REF BY
           =====                   =======         ======
           P1OUT                   0021 
    -------------------------------------------------------------------------
DATA16_AN
  Relative segment, address: 0022 - 0022 (0x1 bytes), align: 0
  Segment part 4. ROOT 
           ENTRY                   ADDRESS         REF BY
           =====                   =======         ======
           P1DIR                   0022 
    -------------------------------------------------------------------------
DATA16_AN
  Relative segment, address: 0026 - 0026 (0x1 bytes), align: 0
  Segment part 5. ROOT        Intra module refs:   spi_init
           ENTRY                   ADDRESS         REF BY
           =====                   =======         ======
           P1SEL                   0026 
    -------------------------------------------------------------------------
DATA16_AN
  Relative segment, address: 0041 - 0041 (0x1 bytes), align: 0
  Segment part 6. ROOT        Intra module refs:   spi_init
           ENTRY                   ADDRESS         REF BY
           =====                   =======         ======
           P1SEL2                  0041 
    -------------------------------------------------------------------------
DATA16_AN
  Relative segment, address: 0027 - 0027 (0x1 bytes), align: 0
  Segment part 7. ROOT 
           ENTRY                   ADDRESS         REF BY
           =====                   =======         ======
           P1REN                   0027 
    -------------------------------------------------------------------------
DATA16_AN
  Relative segment, address: 0068 - 0068 (0x1 bytes), align: 0
  Segment part 8. ROOT        Intra module refs:   spi_init
           ENTRY                   ADDRESS         REF BY
           =====                   =======         ======
           UCB0CTL0                0068 
    -------------------------------------------------------------------------
DATA16_AN
  Relative segment, address: 0069 - 0069 (0x1 bytes), align: 0
  Segment part 9. ROOT        Intra module refs:   spi_init
           ENTRY                   ADDRESS         REF BY
           =====                   =======         ======
           UCB0CTL1                0069 
    -------------------------------------------------------------------------
DATA16_AN
  Relative segment, address: 006A - 006A (0x1 bytes), align: 0
  Segment part 10. ROOT       Intra module refs:   spi_init
           ENTRY                   ADDRESS         REF BY
           =====                   =======         ======
           UCB0BR0                 006A 
    -------------------------------------------------------------------------
DATA16_AN
  Relative segment, address: 006B - 006B (0x1 bytes), align: 0
  Segment part 11. ROOT       Intra module refs:   spi_init
           ENTRY                   ADDRESS         REF BY
           =====                   =======         ======
           UCB0BR1                 006B 
    -------------------------------------------------------------------------
DATA16_AN
  Relative segment, address: 006E - 006E (0x1 bytes), align: 0
  Segment part 12. ROOT       Intra module refs:   spi_transfer
                                                   spi_transfer16
           ENTRY                   ADDRESS         REF BY
           =====                   =======         ======
           UCB0RXBUF               006E 
    -------------------------------------------------------------------------
DATA16_AN
  Relative segment, address: 006F - 006F (0x1 bytes), align: 0
  Segment part 13. ROOT       Intra module refs:   spi_transfer
                                                   spi_transfer16
           ENTRY                   ADDRESS         REF BY
           =====                   =======         ======
           UCB0TXBUF               006F 
    -------------------------------------------------------------------------
<CODE> 1 (was CODE)
  Relative segment, address: C5C4 - C5E9 (0x26 bytes), align: 1
  Segment part 15.
           ENTRY                   ADDRESS         REF BY
           =====                   =======         ======
           spi_init                C5C4            msprf24_init (msprf24)
    -------------------------------------------------------------------------
<CODE> 1 (was CODE)
  Relative segment, address: C798 - C7A7 (0x10 bytes), align: 1
  Segment part 16.
           ENTRY                   ADDRESS         REF BY
           =====                   =======         ======
           spi_transfer            C798            flush_rx (msprf24)
                                                   flush_tx (msprf24)
                                                   msprf24_get_irq_reason (msprf24)
                                                   msprf24_init (msprf24)
                                                   msprf24_irq_clear (msprf24)
                                                   w_rx_addr (msprf24)
                                                   w_tx_addr (msprf24)
                                                   w_tx_payload (msprf24)
    -------------------------------------------------------------------------
<CODE> 1 (was CODE)
  Relative segment, address: C48E - C4BF (0x32 bytes), align: 1
  Segment part 17.
           ENTRY                   ADDRESS         REF BY
           =====                   =======         ======
           spi_transfer16          C48E            r_reg (msprf24)
                                                   w_reg (msprf24)
                                                   w_tx_payload (msprf24)

    *************************************************************************

  FILE NAME : C:\Users\Administrator\Desktop\nRF24L01\Debug\Obj\msprf24.r43
  PROGRAM MODULE, NAME : msprf24

  SEGMENTS IN THE MODULE
  ======================
DATA16_AN
  Relative segment, address: 0029 - 0029 (0x1 bytes), align: 0
  Segment part 1. ROOT        Intra module refs:   flush_rx
                                                   flush_tx
                                                   msprf24_current_state
                                                   msprf24_get_irq_reason
                                                   msprf24_init
                                                   msprf24_irq_clear
                                                   msprf24_powerdown
                                                   msprf24_standby
                                                   pulse_ce
                                                   r_reg
                                                   w_reg
                                                   w_rx_addr
                                                   w_tx_addr
                                                   w_tx_payload
           ENTRY                   ADDRESS         REF BY
           =====                   =======         ======
           P2OUT                   0029 
    -------------------------------------------------------------------------
DATA16_AN
  Relative segment, address: 002A - 002A (0x1 bytes), align: 0
  Segment part 2. ROOT        Intra module refs:   msprf24_init
           ENTRY                   ADDRESS         REF BY
           =====                   =======         ======
           P2DIR                   002A 
    -------------------------------------------------------------------------
DATA16_AN
  Relative segment, address: 002B - 002B (0x1 bytes), align: 0
  Segment part 3. ROOT        Intra module refs:   P2_IRQ
                                                   msprf24_init
           ENTRY                   ADDRESS         REF BY
           =====                   =======         ======
           P2IFG                   002B 
    -------------------------------------------------------------------------
DATA16_AN
  Relative segment, address: 002C - 002C (0x1 bytes), align: 0
  Segment part 4. ROOT        Intra module refs:   msprf24_init
           ENTRY                   ADDRESS         REF BY
           =====                   =======         ======
           P2IES                   002C 
    -------------------------------------------------------------------------
DATA16_AN
  Relative segment, address: 002D - 002D (0x1 bytes), align: 0
  Segment part 5. ROOT        Intra module refs:   msprf24_init
           ENTRY                   ADDRESS         REF BY
           =====                   =======         ======
           P2IE                    002D 
    -------------------------------------------------------------------------
DATA16_AN
  Relative segment, address: 002F - 002F (0x1 bytes), align: 0
  Segment part 6. ROOT        Intra module refs:   msprf24_init
           ENTRY                   ADDRESS         REF BY
           =====                   =======         ======
           P2REN                   002F 
    -------------------------------------------------------------------------
DATA16_Z
  Relative segment, address: 0229 - 0229 (0x1 bytes), align: 0
  Segment part 9.             Intra module refs:   msprf24_enable_feature
                                                   msprf24_init
                                                   msprf24_set_pipe_packetsize
           ENTRY                   ADDRESS         REF BY
           =====                   =======         ======
           rf_feature              0229 
    -------------------------------------------------------------------------
<CODE> 1 (was CODE)
  Relative segment, address: C51C - C545 (0x2a bytes), align: 1
  Segment part 16.            Intra module refs:   msprf24_current_state
                                                   msprf24_get_last_retransmits
                                                   msprf24_is_alive
                                                   msprf24_open_pipe
                                                   msprf24_set_config
                                                   msprf24_set_pipe_packetsize
                                                   msprf24_set_retransmit_count
                                                   msprf24_set_retransmit_delay
           ENTRY                   ADDRESS         REF BY
           =====                   =======         ======
           r_reg                   C51C 
               calls direct
    -------------------------------------------------------------------------
<CODE> 1 (was CODE)
  Relative segment, address: C4EE - C51B (0x2e bytes), align: 1
  Segment part 17.            Intra module refs:   msprf24_activate_tx
                                                   msprf24_close_pipe_all
                                                   msprf24_enable_feature
                                                   msprf24_open_pipe
                                                   msprf24_set_address_width
                                                   msprf24_set_channel
                                                   msprf24_set_config
                                                   msprf24_set_pipe_packetsize
                                                   msprf24_set_retransmit_count
                                                   msprf24_set_retransmit_delay
                                                   msprf24_set_speed_power
           ENTRY                   ADDRESS         REF BY
           =====                   =======         ======
           w_reg                   C4EE 
               calls direct
    -------------------------------------------------------------------------
<CODE> 1 (was CODE)
  Relative segment, address: C454 - C48D (0x3a bytes), align: 1
  Segment part 18.
           ENTRY                   ADDRESS         REF BY
           =====                   =======         ======
           w_tx_addr               C454            main (main)
               calls direct
    -------------------------------------------------------------------------
<CODE> 1 (was CODE)
  Relative segment, address: C2F2 - C34F (0x5e bytes), align: 1
  Segment part 19.
           ENTRY                   ADDRESS         REF BY
           =====                   =======         ======
           w_rx_addr               C2F2            main (main)
               calls direct
    -------------------------------------------------------------------------
<CODE> 1 (was CODE)
  Relative segment, address: C1AA - C21D (0x74 bytes), align: 1
  Segment part 20.
           ENTRY                   ADDRESS         REF BY
           =====                   =======         ======
           w_tx_payload            C1AA            main (main)
               calls direct
    -------------------------------------------------------------------------
<CODE> 1 (was CODE)
  Relative segment, address: C710 - C725 (0x16 bytes), align: 1
  Segment part 24.            Intra module refs:   msprf24_init
           ENTRY                   ADDRESS         REF BY
           =====                   =======         ======
           flush_tx                C710 
               calls direct
    -------------------------------------------------------------------------
<CODE> 1 (was CODE)
  Relative segment, address: C726 - C73B (0x16 bytes), align: 1
  Segment part 25.            Intra module refs:   msprf24_init
           ENTRY                   ADDRESS         REF BY
           =====                   =======         ======
           flush_rx                C726 
               calls direct
    -------------------------------------------------------------------------
<CODE> 1 (was CODE)
  Relative segment, address: C73C - C74F (0x14 bytes), align: 1
  Segment part 27.            Intra module refs:   msprf24_activate_tx
           ENTRY                   ADDRESS         REF BY
           =====                   =======         ======
           pulse_ce                C73C 
    -------------------------------------------------------------------------
DATA16_Z
  Relative segment, address: 022A - 022A (0x1 bytes), align: 0
  Segment part 10.            Intra module refs:   _msprf24_crc_mask
           ENTRY                   ADDRESS         REF BY
           =====                   =======         ======
           rf_crc                  022A            main (main)
    -------------------------------------------------------------------------
DATA16_Z
  Relative segment, address: 022B - 022B (0x1 bytes), align: 0
  Segment part 11.            Intra module refs:   msprf24_set_address_width
                                                   w_rx_addr
                                                   w_tx_addr
           ENTRY                   ADDRESS         REF BY
           =====                   =======         ======
           rf_addr_width           022B            main (main)
    -------------------------------------------------------------------------
DATA16_Z
  Relative segment, address: 022C - 022C (0x1 bytes), align: 0
  Segment part 12.            Intra module refs:   msprf24_set_retransmit_delay
                                                   msprf24_set_speed_power
           ENTRY                   ADDRESS         REF BY
           =====                   =======         ======
           rf_speed_power          022C            main (main)
    -------------------------------------------------------------------------
DATA16_Z
  Relative segment, address: 022D - 022D (0x1 bytes), align: 0
  Segment part 13.            Intra module refs:   msprf24_set_channel
           ENTRY                   ADDRESS         REF BY
           =====                   =======         ======
           rf_channel              022D            main (main)
    -------------------------------------------------------------------------
DATA16_Z
  Relative segment, address: 022E - 022E (0x1 bytes), align: 0
  Segment part 14.            Intra module refs:   flush_rx
                                                   flush_tx
                                                   msprf24_get_irq_reason
                                                   msprf24_irq_clear
                                                   r_reg
                                                   w_reg
                                                   w_rx_addr
                                                   w_tx_addr
                                                   w_tx_payload
           ENTRY                   ADDRESS         REF BY
           =====                   =======         ======
           rf_status               022E 
    -------------------------------------------------------------------------
DATA16_Z
  Relative segment, address: 022F - 022F (0x1 bytes), align: 0
  Segment part 15.            Intra module refs:   P2_IRQ
                                                   msprf24_get_irq_reason
                                                   msprf24_irq_clear
           ENTRY                   ADDRESS         REF BY
           =====                   =======         ======
           rf_irq                  022F            main (main)
    -------------------------------------------------------------------------
<CODE> 1 (was CODE)
  Relative segment, address: C11E - C1A9 (0x8c bytes), align: 1
  Segment part 41.
           ENTRY                   ADDRESS         REF BY
           =====                   =======         ======
           msprf24_init            C11E            main (main)
               calls direct
    -------------------------------------------------------------------------
<CODE> 1 (was CODE)
  Relative segment, address: C60E - C62F (0x22 bytes), align: 1
  Segment part 33.            Intra module refs:   msprf24_init
           ENTRY                   ADDRESS         REF BY
           =====                   =======         ======
           msprf24_enable_feature
                                   C60E 
               calls direct
    -------------------------------------------------------------------------
<CODE> 1 (was CODE)
  Relative segment, address: C6DE - C6F7 (0x1a bytes), align: 1
  Segment part 39.            Intra module refs:   msprf24_init
           ENTRY                   ADDRESS         REF BY
           =====                   =======         ======
           msprf24_close_pipe_all
                                   C6DE 
               calls direct
    -------------------------------------------------------------------------
<CODE> 1 (was CODE)
  Relative segment, address: C3AA - C403 (0x5a bytes), align: 1
  Segment part 44.
           ENTRY                   ADDRESS         REF BY
           =====                   =======         ======
           msprf24_open_pipe       C3AA            main (main)
               calls direct
    -------------------------------------------------------------------------
<CODE> 1 (was CODE)
  Relative segment, address: C288 - C2F1 (0x6a bytes), align: 1
  Segment part 46.
           ENTRY                   ADDRESS         REF BY
           =====                   =======         ======
           msprf24_set_pipe_packetsize
                                   C288            main (main)
               calls direct
    -------------------------------------------------------------------------
<CODE> 1 (was CODE)
  Relative segment, address: C21E - C287 (0x6a bytes), align: 1
  Segment part 38.            Intra module refs:   msprf24_init
           ENTRY                   ADDRESS         REF BY
           =====                   =======         ======
           msprf24_set_retransmit_delay
                                   C21E 
               calls direct
    -------------------------------------------------------------------------
<CODE> 1 (was CODE)
  Relative segment, address: C630 - C64F (0x20 bytes), align: 1
  Segment part 37.            Intra module refs:   msprf24_init
           ENTRY                   ADDRESS         REF BY
           =====                   =======         ======
           msprf24_set_retransmit_count
                                   C630 
               calls direct
    -------------------------------------------------------------------------
<CODE> 1 (was CODE)
  Relative segment, address: C7A8 - C7B3 (0xc bytes), align: 1
  Segment part 47.
           ENTRY                   ADDRESS         REF BY
           =====                   =======         ======
           msprf24_get_last_retransmits
                                   C7A8            main (main)
               calls direct
    -------------------------------------------------------------------------
<CODE> 1 (was CODE)
  Relative segment, address: C7D4 - C7DD (0xa bytes), align: 1
  Segment part 30.            Intra module refs:   msprf24_set_config
           ENTRY                   ADDRESS         REF BY
           =====                   =======         ======
           _msprf24_crc_mask       C7D4 
    -------------------------------------------------------------------------
<CODE> 1 (was CODE)
  Relative segment, address: C7DE - C7E5 (0x8 bytes), align: 1
  Segment part 29.            Intra module refs:   msprf24_set_config
           ENTRY                   ADDRESS         REF BY
           =====                   =======         ======
           _msprf24_irq_mask       C7DE 
    -------------------------------------------------------------------------
<CODE> 1 (was CODE)
  Relative segment, address: C68A - C6A5 (0x1c bytes), align: 1
  Segment part 49.            Intra module refs:   msprf24_current_state
           ENTRY                   ADDRESS         REF BY
           =====                   =======         ======
           msprf24_is_alive        C68A 
               calls direct
    -------------------------------------------------------------------------
<CODE> 1 (was CODE)
  Relative segment, address: C59A - C5C3 (0x2a bytes), align: 1
  Segment part 31.            Intra module refs:   msprf24_powerdown
                                                   msprf24_standby
           ENTRY                   ADDRESS         REF BY
           =====                   =======         ======
           msprf24_set_config      C59A 
               calls direct
    -------------------------------------------------------------------------
<CODE> 1 (was CODE)
  Relative segment, address: C570 - C599 (0x2a bytes), align: 1
  Segment part 36.            Intra module refs:   msprf24_init
           ENTRY                   ADDRESS         REF BY
           =====                   =======         ======
           msprf24_set_speed_power
                                   C570 
               calls direct
    -------------------------------------------------------------------------
<CODE> 1 (was CODE)
  Relative segment, address: C6C2 - C6DD (0x1c bytes), align: 1
  Segment part 35.            Intra module refs:   msprf24_init
           ENTRY                   ADDRESS         REF BY
           =====                   =======         ======
           msprf24_set_channel     C6C2 
               calls direct
    -------------------------------------------------------------------------
<CODE> 1 (was CODE)
  Relative segment, address: C5EA - C60D (0x24 bytes), align: 1
  Segment part 34.            Intra module refs:   msprf24_init
           ENTRY                   ADDRESS         REF BY
           =====                   =======         ======
           msprf24_set_address_width
                                   C5EA 
               calls direct
    -------------------------------------------------------------------------
<CODE> 1 (was CODE)
  Relative segment, address: C350 - C3A9 (0x5a bytes), align: 1
  Segment part 50.            Intra module refs:   msprf24_standby
           ENTRY                   ADDRESS         REF BY
           =====                   =======         ======
           msprf24_current_state   C350            main (main)
               calls direct
    -------------------------------------------------------------------------
<CODE> 1 (was CODE)
  Relative segment, address: C7CA - C7D3 (0xa bytes), align: 1
  Segment part 32.            Intra module refs:   msprf24_init
           ENTRY                   ADDRESS         REF BY
           =====                   =======         ======
           msprf24_powerdown       C7CA 
               calls direct
    -------------------------------------------------------------------------
<CODE> 1 (was CODE)
  Relative segment, address: C546 - C56F (0x2a bytes), align: 1
  Segment part 51.            Intra module refs:   msprf24_activate_tx
           ENTRY                   ADDRESS         REF BY
           =====                   =======         ======
           msprf24_standby         C546            main (main)
               calls direct
    -------------------------------------------------------------------------
<CODE> 1 (was CODE)
  Relative segment, address: C750 - C763 (0x14 bytes), align: 1
  Segment part 53.
           ENTRY                   ADDRESS         REF BY
           =====                   =======         ======
           msprf24_activate_tx     C750            main (main)
               calls direct
    -------------------------------------------------------------------------
<CODE> 1 (was CODE)
  Relative segment, address: C4C0 - C4ED (0x2e bytes), align: 1
  Segment part 57.
           ENTRY                   ADDRESS         REF BY
           =====                   =======         ======
           msprf24_get_irq_reason
                                   C4C0            main (main)
               calls direct
    -------------------------------------------------------------------------
<CODE> 1 (was CODE)
  Relative segment, address: C404 - C453 (0x50 bytes), align: 1
  Segment part 40.            Intra module refs:   msprf24_init
           ENTRY                   ADDRESS         REF BY
           =====                   =======         ======
           msprf24_irq_clear       C404            main (main)
               calls direct
    -------------------------------------------------------------------------
<CODE> 1 (was CODE)
  Relative segment, address: C6F8 - C70F (0x18 bytes), align: 1
  Segment part 58.            Intra module refs:   P2_IRQ::??INTVEC 6
           ENTRY                   ADDRESS         REF BY
           =====                   =======         ======
           P2_IRQ                  C6F8 
               interrupt function
    -------------------------------------------------------------------------
INTVEC
  Common segment, address: FFE0 - FFE7 (0x8 bytes), align: 1
  Segment part 7. ROOT 
           ENTRY                   ADDRESS         REF BY
           =====                   =======         ======
           P2_IRQ::??INTVEC 6      FFE6 

    *************************************************************************

  FILE NAME : C:\Program Files (x86)\IAR Systems\Embedded Workbench 7.3\430\lib\dlib\dl430fn.r43
  LIBRARY MODULE, NAME : ?__dbg_break

  SEGMENTS IN THE MODULE
  ======================
<CODE> 1 (was CODE)
  Relative segment, address: C7EE - C7EF (0x2 bytes), align: 1
  Segment part 2.
           ENTRY                   ADDRESS         REF BY
           =====                   =======         ======
           __DebugBreak            C7EE            __exit (?__exit)

    -------------------------------------------------------------------------
  LIBRARY MODULE, NAME : ?__exit

  SEGMENTS IN THE MODULE
  ======================
<CODE> 1 (was CODE)
  Relative segment, address: C776 - C787 (0x12 bytes), align: 1
  Segment part 2.
           ENTRY                   ADDRESS         REF BY
           =====                   =======         ======
           __exit                  C776            Segment part 6 (?_exit)
                                                   _exit (?_exit)
               calls direct

    -------------------------------------------------------------------------
  LIBRARY MODULE, NAME : ?_exit

  SEGMENTS IN THE MODULE
  ======================
<CODE> 1 (was CODE)
  Relative segment, address: C7EA, align: 1
  Segment part 0.
           ENTRY                   ADDRESS         REF BY
           =====                   =======         ======
           _exit                   C7EA            exit (?exit)
    -------------------------------------------------------------------------
<CODE> 1 (was CODE)
  Relative segment, address: C7EA - C7ED (0x4 bytes), align: 1
  Segment part 6.             Intra module refs:   _exit

    -------------------------------------------------------------------------
  LIBRARY MODULE, NAME : ?cstart

  SEGMENTS IN THE MODULE
  ======================
CSTACK
  Relative segment, address: 03B0, align: 1
  Segment part 1.
    -------------------------------------------------------------------------
DATA16_Z
  Relative segment, address: 0204, align: 1
  Segment part 2.
    -------------------------------------------------------------------------
CSTART
  Relative segment, address: C006 - C009 (0x4 bytes), align: 1
  Segment part 9.
           ENTRY                   ADDRESS         REF BY
           =====                   =======         ======
           __program_start         C006            ?reset_vector (?reset_vector)
                                                   Absolute parts (?ABS_ENTRY_MOD)
           ?cstart_begin           C006 
    -------------------------------------------------------------------------
CSTART
  Relative segment, address: C00A - C015 (0xc bytes), align: 1
  Segment part 13.
           ENTRY                   ADDRESS         REF BY
           =====                   =======         ======
           ?cstart_init_zero       C00A            addr (main)
                                                   buf (main)
                                                   rf_addr_width (msprf24)
                                                   rf_channel (msprf24)
                                                   rf_crc (msprf24)
                                                   rf_feature (msprf24)
                                                   rf_irq (msprf24)
                                                   rf_speed_power (msprf24)
                                                   rf_status (msprf24)
                                                   user (main)
                                                   wdtsleep (main)
    -------------------------------------------------------------------------
CSTART
  Relative segment, address: C016 - C01D (0x8 bytes), align: 1
  Segment part 18.            Intra module refs:   Segment part 9
           ENTRY                   ADDRESS         REF BY
           =====                   =======         ======
           ?cstart_call_main       C016 
           ?cstart_end             C01E 

    -------------------------------------------------------------------------
  LIBRARY MODULE, NAME : ?reset_vector

  SEGMENTS IN THE MODULE
  ======================
RESET
  Relative segment, address: FFFE - FFFF (0x2 bytes), align: 1
  Segment part 0.
           ENTRY                   ADDRESS         REF BY
           =====                   =======         ======
           ?reset_vector           FFFE            Segment part 9 (?cstart)

    -------------------------------------------------------------------------
  LIBRARY MODULE, NAME : ?Epilogue

  SEGMENTS IN THE MODULE
  ======================
<CODE> 1 (was CODE)
  Relative segment, address: C7C0 - C7C1 (0x2 bytes), align: 1
  Segment part 4.
           ENTRY                   ADDRESS         REF BY
           =====                   =======         ======
           ?Epilogue4              C7C0            msprf24_open_pipe (msprf24)
    -------------------------------------------------------------------------
<CODE> 1 (was CODE)
  Relative segment, address: C7C2 - C7C9 (0x8 bytes), align: 1
  Segment part 5.             Intra module refs:   ?Epilogue4
           ENTRY                   ADDRESS         REF BY
           =====                   =======         ======
           ?Epilogue3              C7C2            msprf24_set_pipe_packetsize (msprf24)
                                                   w_tx_payload (msprf24)

    -------------------------------------------------------------------------
  LIBRARY MODULE, NAME : ?exit

  SEGMENTS IN THE MODULE
  ======================
<CODE> 1 (was CODE)
  Relative segment, address: C7E6 - C7E9 (0x4 bytes), align: 1
  Segment part 2.
           ENTRY                   ADDRESS         REF BY
           =====                   =======         ======
           exit                    C7E6            Segment part 18 (?cstart)
               calls direct

    -------------------------------------------------------------------------
  LIBRARY MODULE, NAME : ?DivMod816u

  SEGMENTS IN THE MODULE
  ======================
<CODE> 1 (was CODE)
  Relative segment, address: C66E - C671 (0x4 bytes), align: 1
  Segment part 0.
           ENTRY                   ADDRESS         REF BY
           =====                   =======         ======
           ?DivMod8u               C66E            w_tx_payload (msprf24)
    -------------------------------------------------------------------------
<CODE> 1 (was CODE)
  Relative segment, address: C672 - C689 (0x18 bytes), align: 1
  Segment part 1.             Intra module refs:   ?DivMod8u
           ENTRY                   ADDRESS         REF BY
           =====                   =======         ======
           ?DivMod16u              C672            msprf24_set_retransmit_delay (msprf24)

    -------------------------------------------------------------------------
  LIBRARY MODULE, NAME : ?ShiftLeft16

  SEGMENTS IN THE MODULE
  ======================
<CODE> 1 (was CODE)
  Relative segment, address: C7B4 - C7BF (0xc bytes), align: 1
  Segment part 0.
           ENTRY                   ADDRESS         REF BY
           =====                   =======         ======
           ?ShiftLeft16            C7B4            msprf24_open_pipe (msprf24)
                                                   msprf24_set_pipe_packetsize (msprf24)

    -------------------------------------------------------------------------
  LIBRARY MODULE, NAME : ?memcpy

  SEGMENTS IN THE MODULE
  ======================
<CODE> 1 (was CODE)
  Relative segment, address: C764 - C775 (0x12 bytes), align: 1
  Segment part 2.
           ENTRY                   ADDRESS         REF BY
           =====                   =======         ======
           memcpy                  C764            main (main)

    -------------------------------------------------------------------------
  LIBRARY MODULE, NAME : ?memzero

  SEGMENTS IN THE MODULE
  ======================
<CODE> 1 (was CODE)
  Relative segment, address: C788 - C797 (0x10 bytes), align: 1
  Segment part 2.
           ENTRY                   ADDRESS         REF BY
           =====                   =======         ======
           __data16_memzero        C788            ?cstart_init_zero (?cstart)




                ****************************************
                *                                      *
                *      SEGMENTS IN ADDRESS ORDER       *
                *                                      *
                ****************************************


SEGMENT              SPACE    START ADDRESS   END ADDRESS     SIZE  TYPE  ALIGN
=======              =====    =============   ===========     ====  ====  =====
DATA16_AN                              0000 - 0000               1   rel    0
                                       0002 - 0003               2 
                                       0020 - 0022               3 
                                       0026 - 0027               2 
                                       0029 - 002D               5 
                                       002F - 002F               1 
                                       0041 - 0041               1 
                                       0053 - 0053               1 
                                       0056 - 0058               3 
                                       0068 - 006B               4 
                                       006E - 006F               2 
                                       0120 - 0121               2 
DATA16_I                                  0200                       dse    0
DATA16_Z                               0200 - 022F              30   rel    1
CSTACK                                 03B0 - 03FF              50   rel    1
DATA16_AN                              10F8 - 10F9               2   rel    0
DATA16_C                               C000 - C005               6   rel    0
CSTART                                 C006 - C01D              18   rel    1
<CODE> 1                               C01E - C7EF             7D2   rel    1
INTVEC                                 FFE0 - FFF5              16   com    1
RESET                                  FFFE - FFFF               2   rel    1

                ****************************************
                *                                      *
                *        END OF CROSS REFERENCE        *
                *                                      *
                ****************************************

 2 050 bytes of CODE  memory
   128 bytes of DATA  memory (+ 29 absolute )
     6 bytes of CONST memory

Errors: none
Warnings: none

